###############################################################################
#
# IAR ELF Linker V8.11.2.13589/W32 for ARM                31/Aug/2017  10:58:06
# Copyright 2007-2017 IAR Systems AB.
#
#    Output file  =  
#        C:\Users\QQJ\Documents\IAR Embedded
#        Workbench\arm\8.11.2\ST\STM32F0xx\STM32F0-DISCOVERY\Project\Flash\Exe\DISCOVER.out
#    Map file     =  
#        C:\Users\QQJ\Documents\IAR Embedded
#        Workbench\arm\8.11.2\ST\STM32F0xx\STM32F0-DISCOVERY\Project\Flash\List\DISCOVER.map
#    Command line =  
#        -f C:\Users\QQJ\AppData\Local\Temp\EWDD88.tmp
#        ("C:\Users\QQJ\Documents\IAR Embedded
#        Workbench\arm\8.11.2\ST\STM32F0xx\STM32F0-DISCOVERY\Project\Flash\Obj\main.o"
#        "C:\Users\QQJ\Documents\IAR Embedded
#        Workbench\arm\8.11.2\ST\STM32F0xx\STM32F0-DISCOVERY\Project\Flash\Obj\startup_stm32f0xx.o"
#        "C:\Users\QQJ\Documents\IAR Embedded
#        Workbench\arm\8.11.2\ST\STM32F0xx\STM32F0-DISCOVERY\Project\Flash\Obj\stm32f0xx_exti.o"
#        "C:\Users\QQJ\Documents\IAR Embedded
#        Workbench\arm\8.11.2\ST\STM32F0xx\STM32F0-DISCOVERY\Project\Flash\Obj\stm32f0xx_gpio.o"
#        "C:\Users\QQJ\Documents\IAR Embedded
#        Workbench\arm\8.11.2\ST\STM32F0xx\STM32F0-DISCOVERY\Project\Flash\Obj\stm32f0xx_it.o"
#        "C:\Users\QQJ\Documents\IAR Embedded
#        Workbench\arm\8.11.2\ST\STM32F0xx\STM32F0-DISCOVERY\Project\Flash\Obj\stm32f0xx_misc.o"
#        "C:\Users\QQJ\Documents\IAR Embedded
#        Workbench\arm\8.11.2\ST\STM32F0xx\STM32F0-DISCOVERY\Project\Flash\Obj\stm32f0xx_pwr.o"
#        "C:\Users\QQJ\Documents\IAR Embedded
#        Workbench\arm\8.11.2\ST\STM32F0xx\STM32F0-DISCOVERY\Project\Flash\Obj\stm32f0xx_rcc.o"
#        "C:\Users\QQJ\Documents\IAR Embedded
#        Workbench\arm\8.11.2\ST\STM32F0xx\STM32F0-DISCOVERY\Project\Flash\Obj\stm32f0xx_syscfg.o"
#        "C:\Users\QQJ\Documents\IAR Embedded
#        Workbench\arm\8.11.2\ST\STM32F0xx\STM32F0-DISCOVERY\Project\Flash\Obj\stm32f0xx_tim.o"
#        "C:\Users\QQJ\Documents\IAR Embedded
#        Workbench\arm\8.11.2\ST\STM32F0xx\STM32F0-DISCOVERY\Project\Flash\Obj\system_stm32f0xx.o"
#        --redirect _Printf=_PrintfFullNoMb --redirect _Scanf=_ScanfFullNoMb -o
#        "C:\Users\QQJ\Documents\IAR Embedded
#        Workbench\arm\8.11.2\ST\STM32F0xx\STM32F0-DISCOVERY\Project\Flash\Exe\DISCOVER.out"
#        --map "C:\Users\QQJ\Documents\IAR Embedded
#        Workbench\arm\8.11.2\ST\STM32F0xx\STM32F0-DISCOVERY\Project\Flash\List\DISCOVER.map"
#        --config "C:\Users\QQJ\Documents\IAR Embedded
#        Workbench\arm\8.11.2\ST\STM32F0xx\STM32F0-DISCOVERY\Project\stm32f0xx_flash.icf"
#        --semihosting --entry __iar_program_start --vfe --text_out locale)
#
###############################################################################

*******************************************************************************
*** RUNTIME MODEL ATTRIBUTES
***

CppFlavor       = *
__SystemLibrary = DLib
__dlib_version  = 6


*******************************************************************************
*** HEAP SELECTION
***

The basic heap was selected because some modules are built with
size limitations (and not runtime checking), and --advanced_heap
was not specified.


*******************************************************************************
*** PLACEMENT SUMMARY
***

"A0":  place at 0x08000000 { ro section .intvec };
"P1":  place in [from 0x08000000 to 0x0800ffff] { ro };
define block CSTACK with size = 1K, alignment = 8 { };
define block HEAP with size = 512, alignment = 8 { };
"P2":  place in [from 0x20000000 to 0x20001fff] {
          rw, block CSTACK, block HEAP };
initialize by copy { rw };

  Section            Kind        Address   Size  Object
  -------            ----        -------   ----  ------
"A0":                                      0xc0
  .intvec            ro code  0x08000000   0xc0  startup_stm32f0xx.o [1]
                            - 0x080000c0   0xc0

"P1":                                     0xf6a
  .text              ro code  0x080000c0  0x628  main.o [1]
  .text              ro code  0x080006e8   0x4c  stm32f0xx_rcc.o [1]
  .text              ro code  0x08000734  0x140  stm32f0xx_gpio.o [1]
  .text              ro code  0x08000874   0xae  I32DivModFast.o [4]
  .text              ro code  0x08000922    0x2  startup_stm32f0xx.o [1]
  .text              ro code  0x08000924  0x2c0  stm32f0xx_tim.o [1]
  .text              ro code  0x08000be4   0x58  stm32f0xx_syscfg.o [1]
  .text              ro code  0x08000c3c   0xb8  stm32f0xx_exti.o [1]
  .text              ro code  0x08000cf4   0x74  stm32f0xx_misc.o [1]
  .text              ro code  0x08000d68    0x2  IntDivZer.o [4]
  .text              ro code  0x08000d6a    0x2  startup_stm32f0xx.o [1]
  .text              ro code  0x08000d6c  0x174  system_stm32f0xx.o [1]
  .text              ro code  0x08000ee0   0x3c  packbits_init_single.o [4]
  .text              ro code  0x08000f1c   0x28  startup_stm32f0xx.o [1]
  .text              ro code  0x08000f44   0x28  data_init.o [4]
  .iar.init_table    const    0x08000f6c   0x10  - Linker created -
  .text              ro code  0x08000f7c   0x1a  cmain.o [4]
  .text              ro code  0x08000f96    0x4  low_level_init.o [3]
  .text              ro code  0x08000f9a    0x8  exit.o [3]
  .text              ro code  0x08000fa2    0x2  startup_stm32f0xx.o [1]
  .text              ro code  0x08000fa4    0xa  cexit.o [4]
  .text              ro code  0x08000fae    0x2  startup_stm32f0xx.o [1]
  .text              ro code  0x08000fb0   0x14  exit.o [5]
  .text              ro code  0x08000fc4    0xc  stm32f0xx_it.o [1]
  .text              ro code  0x08000fd0    0xc  cstartup_M.o [4]
  .text              ro code  0x08000fdc    0x2  startup_stm32f0xx.o [1]
  .text              ro code  0x08000fde    0x2  startup_stm32f0xx.o [1]
  .text              ro code  0x08000fe0    0x2  startup_stm32f0xx.o [1]
  .text              ro code  0x08000fe2    0x2  startup_stm32f0xx.o [1]
  .text              ro code  0x08000fe4    0x2  startup_stm32f0xx.o [1]
  .text              ro code  0x08000fe6    0x2  startup_stm32f0xx.o [1]
  .text              ro code  0x08000fe8    0x2  startup_stm32f0xx.o [1]
  .text              ro code  0x08000fea    0x2  startup_stm32f0xx.o [1]
  .text              ro code  0x08000fec    0x2  startup_stm32f0xx.o [1]
  .text              ro code  0x08000fee    0x2  startup_stm32f0xx.o [1]
  .text              ro code  0x08000ff0    0x2  startup_stm32f0xx.o [1]
  .text              ro code  0x08000ff2    0x2  startup_stm32f0xx.o [1]
  .text              ro code  0x08000ff4    0x2  startup_stm32f0xx.o [1]
  .text              ro code  0x08000ff6    0x2  startup_stm32f0xx.o [1]
  .text              ro code  0x08000ff8    0x2  startup_stm32f0xx.o [1]
  .text              ro code  0x08000ffa    0x2  startup_stm32f0xx.o [1]
  .text              ro code  0x08000ffc    0x2  startup_stm32f0xx.o [1]
  .text              ro code  0x08000ffe    0x2  startup_stm32f0xx.o [1]
  .text              ro code  0x08001000    0x2  startup_stm32f0xx.o [1]
  .text              ro code  0x08001002    0x2  startup_stm32f0xx.o [1]
  .text              ro code  0x08001004    0x2  startup_stm32f0xx.o [1]
  .text              ro code  0x08001006    0x2  startup_stm32f0xx.o [1]
  .text              ro code  0x08001008    0x2  startup_stm32f0xx.o [1]
  .text              ro code  0x0800100a    0x2  startup_stm32f0xx.o [1]
  .rodata            const    0x0800100c    0x0  packbits_init_single.o [4]
  Initializer bytes  const    0x0800100c   0x1e  <for P2-1>
                            - 0x0800102a  0xf6a

"P2", part 1 of 2:                         0x4c
  P2-1                        0x20000000   0x4c  <Init block>
    .data            inited   0x20000000    0x4  main.o [1]
    .data            inited   0x20000004   0x14  main.o [1]
    .data            inited   0x20000018    0x4  system_stm32f0xx.o [1]
    .bss             inited   0x2000001c    0x8  main.o [1]
    .bss             inited   0x20000024    0xc  main.o [1]
    .bss             inited   0x20000030    0x4  main.o [1]
    .bss             inited   0x20000034    0x2  main.o [1]
    .bss             inited   0x20000036    0x2  main.o [1]
    .bss             inited   0x20000038    0x2  main.o [1]
    .bss             inited   0x2000003a    0x2  main.o [1]
    .bss             inited   0x2000003c    0x2  main.o [1]
    .bss             inited   0x2000003e    0x2  main.o [1]
    .bss             inited   0x20000040    0x1  main.o [1]
    .bss             inited   0x20000041    0x1  main.o [1]
    .bss             inited   0x20000042    0x1  main.o [1]
    .bss             inited   0x20000043    0x1  main.o [1]
    .bss             inited   0x20000044    0x1  main.o [1]
    .bss             inited   0x20000045    0x1  main.o [1]
    .bss             inited   0x20000046    0x1  main.o [1]
    .bss             inited   0x20000047    0x1  main.o [1]
    .bss             inited   0x20000048    0x1  main.o [1]
    .bss             inited   0x20000049    0x1  main.o [1]
    .bss             inited   0x2000004a    0x1  main.o [1]
    .bss             inited   0x2000004b    0x1  main.o [1]
                            - 0x2000004c   0x4c

"P2", part 2 of 2:                        0x400
  CSTACK                      0x20000050  0x400  <Block>
    CSTACK           uninit   0x20000050  0x400  <Block tail>
                            - 0x20000450  0x400


*******************************************************************************
*** INIT TABLE
***

          Address     Size
          -------     ----
Copy/packbits (__iar_packbits_init_single3)
    1 source range, total size 0x1e (39% of destination):
          0x0800100c  0x1e
    1 destination range, total size 0x4c:
          0x20000000  0x4c



*******************************************************************************
*** MODULE SUMMARY
***

    Module                  ro code  ro data  rw data
    ------                  -------  -------  -------
C:\Users\QQJ\Documents\IAR Embedded Workbench\arm\8.11.2\ST\STM32F0xx\STM32F0-DISCOVERY\Project\Flash\Obj: [1]
    main.o                    1 576       28       72
    startup_stm32f0xx.o         288
    stm32f0xx_exti.o            184
    stm32f0xx_gpio.o            320
    stm32f0xx_it.o               12
    stm32f0xx_misc.o            116
    stm32f0xx_rcc.o              76
    stm32f0xx_syscfg.o           88
    stm32f0xx_tim.o             704
    system_stm32f0xx.o          372        2        4
    -------------------------------------------------
    Total:                    3 736       30       76

command line: [2]
    -------------------------------------------------
    Total:

dl6M_tln.a: [3]
    exit.o                        8
    low_level_init.o              4
    -------------------------------------------------
    Total:                       12

rt6M_tl.a: [4]
    I32DivModFast.o             174
    IntDivZer.o                   2
    cexit.o                      10
    cmain.o                      26
    cstartup_M.o                 12
    data_init.o                  40
    packbits_init_single.o       60
    -------------------------------------------------
    Total:                      324

shb_l.a: [5]
    exit.o                       20
    -------------------------------------------------
    Total:                       20

    Linker created                        16    1 024
-----------------------------------------------------
    Grand Total:              4 092       46    1 100


*******************************************************************************
*** ENTRY LIST
***

Entry                      Address   Size  Type      Object
-----                      -------   ----  ----      ------
.iar.init_table$$Base   0x08000f6c          --   Gb  - Linker created -
.iar.init_table$$Limit  0x08000f7c          --   Gb  - Linker created -
?main                   0x08000f7d         Code  Gb  cmain.o [4]
CSTACK$$Base            0x20000050          --   Gb  - Linker created -
CSTACK$$Limit           0x20000450          --   Gb  - Linker created -
Channel1Pulse           0x20000036    0x2  Data  Gb  main.o [1]
Channel2Pulse           0x20000038    0x2  Data  Gb  main.o [1]
Channel3Pulse           0x2000003a    0x2  Data  Gb  main.o [1]
Channel4Pulse           0x2000003c    0x2  Data  Gb  main.o [1]
Current_data            0x20000048    0x1  Data  Gb  main.o [1]
DA                      0x20000000    0x4  Data  Gb  main.o [1]
Data_1                  0x20000040    0x1  Data  Gb  main.o [1]
Data_2                  0x20000041    0x1  Data  Gb  main.o [1]
Data_3                  0x20000042    0x1  Data  Gb  main.o [1]
Data_4                  0x20000043    0x1  Data  Gb  main.o [1]
Data_5                  0x20000044    0x1  Data  Gb  main.o [1]
Data_6                  0x20000045    0x1  Data  Gb  main.o [1]
Data_7                  0x20000046    0x1  Data  Gb  main.o [1]
EXTI4_15_IRQHandler     0x080005a1  0x108  Code  Gb  main.o [1]
EXTI_ClearITPendingBit  0x08000cdb    0x6  Code  Gb  stm32f0xx_exti.o [1]
EXTI_GetITStatus        0x08000cc3   0x18  Code  Gb  stm32f0xx_exti.o [1]
EXTI_Init               0x08000c3d   0x86  Code  Gb  stm32f0xx_exti.o [1]
GPIO_Init               0x08000735   0xa0  Code  Gb  stm32f0xx_gpio.o [1]
GPIO_InitStructure      0x2000001c    0x8  Data  Gb  main.o [1]
GPIO_PinAFConfig        0x0800081b   0x5a  Code  Gb  stm32f0xx_gpio.o [1]
GPIO_ReadInputDataBit   0x080007d5   0x18  Code  Gb  stm32f0xx_gpio.o [1]
GPIO_ReadOutputDataBit  0x080007ed   0x18  Code  Gb  stm32f0xx_gpio.o [1]
GPIO_Write              0x08000817    0x4  Code  Gb  stm32f0xx_gpio.o [1]
GPIO_WriteBit           0x08000805   0x12  Code  Gb  stm32f0xx_gpio.o [1]
HardFault_Handler       0x08000fc7    0x4  Code  Gb  stm32f0xx_it.o [1]
NMI_Handler             0x08000fc5    0x2  Code  Gb  stm32f0xx_it.o [1]
NVIC_Init               0x08000cf5   0x66  Code  Gb  stm32f0xx_misc.o [1]
PendSV_Handler          0x08000fcd    0x2  Code  Gb  stm32f0xx_it.o [1]
Previous_data           0x20000047    0x1  Data  Gb  main.o [1]
RCC_AHBPeriphClockCmd   0x080006e9   0x20  Code  Gb  stm32f0xx_rcc.o [1]
RCC_APB2PeriphClockCmd  0x08000709   0x20  Code  Gb  stm32f0xx_rcc.o [1]
Region$$Table$$Base     0x08000f6c          --   Gb  - Linker created -
Region$$Table$$Limit    0x08000f7c          --   Gb  - Linker created -
SVC_Handler             0x08000fcb    0x2  Code  Gb  stm32f0xx_it.o [1]
SYSCFG_EXTILineConfig   0x08000be5   0x54  Code  Gb  stm32f0xx_syscfg.o [1]
SetSysClock             0x08000ddb   0xd0  Code  Lc  system_stm32f0xx.o [1]
SysTick_Handler         0x08000fcf    0x2  Code  Gb  stm32f0xx_it.o [1]
SystemCoreClock         0x20000018    0x4  Data  Gb  system_stm32f0xx.o [1]
SystemInit              0x08000d6d   0x6e  Code  Gb  system_stm32f0xx.o [1]
TIM_Cmd                 0x08000981   0x1c  Code  Gb  stm32f0xx_tim.o [1]
TIM_CtrlPWMOutputs      0x080009a9   0x26  Code  Gb  stm32f0xx_tim.o [1]
TIM_OC1Init             0x080009cf   0x72  Code  Gb  stm32f0xx_tim.o [1]
TIM_OC2Init             0x08000a55   0x7a  Code  Gb  stm32f0xx_tim.o [1]
TIM_OC3Init             0x08000acf   0x6c  Code  Gb  stm32f0xx_tim.o [1]
TIM_OC4Init             0x08000b41   0x50  Code  Gb  stm32f0xx_tim.o [1]
TIM_TimeBaseInit        0x08000925   0x5c  Code  Gb  stm32f0xx_tim.o [1]
Test_v2                 0x20000049    0x1  Data  Gb  main.o [1]
Test_v3                 0x2000004a    0x1  Data  Gb  main.o [1]
TimerPeriod             0x20000034    0x2  Data  Gb  main.o [1]
__ICFEDIT_region_RAM_end__ {Abs}
                        0x20001fff         Data  Gb  command line/config [2]
__ICFEDIT_region_RAM_start__ {Abs}
                        0x20000000         Data  Gb  command line/config [2]
__aeabi_idiv0           0x08000d69         Code  Gb  IntDivZer.o [4]
__aeabi_uidiv           0x08000875         Code  Gb  I32DivModFast.o [4]
__aeabi_uidivmod        0x08000875         Code  Gb  I32DivModFast.o [4]
__cmain                 0x08000f7d         Code  Gb  cmain.o [4]
__exit                  0x08000fb1   0x14  Code  Gb  exit.o [5]
__iar_data_init3        0x08000f45   0x28  Code  Gb  data_init.o [4]
__iar_packbits_init_single3
                        0x08000ee1   0x3c  Code  Gb  packbits_init_single.o [4]
__iar_program_start     0x08000fd1         Code  Gb  cstartup_M.o [4]
__iar_systems$$module {Abs}
                        0x00000001         Data  Gb  command line/config [2]
__low_level_init        0x08000f97    0x4  Code  Gb  low_level_init.o [3]
__vector_table          0x08000000         Data  Gb  startup_stm32f0xx.o [1]
_call_main              0x08000f89         Code  Gb  cmain.o [4]
_exit                   0x08000fa5         Code  Gb  cexit.o [4]
_main                   0x08000f93         Code  Gb  cmain.o [4]
exit                    0x08000f9b    0x8  Code  Gb  exit.o [3]
main                    0x08000165  0x41a  Code  Gb  main.o [1]
rx_buf                  0x20000024    0xc  Data  Gb  main.o [1]
rx_buf_idx              0x2000004b    0x1  Data  Gb  main.o [1]
speed                   0x2000003e    0x2  Data  Gb  main.o [1]
speed_syms              0x20000030    0x4  Data  Gb  main.o [1]
spinn_lookup_sym        0x080000c1   0x26  Code  Gb  main.o [1]
spinn_use_data          0x080000e7   0x70  Code  Gb  main.o [1]
symbol_table            0x20000004   0x14  Data  Lc  main.o [1]


[1] = C:\Users\QQJ\Documents\IAR Embedded Workbench\arm\8.11.2\ST\STM32F0xx\STM32F0-DISCOVERY\Project\Flash\Obj
[2] = command line
[3] = dl6M_tln.a
[4] = rt6M_tl.a
[5] = shb_l.a

  4 092 bytes of readonly  code memory
     46 bytes of readonly  data memory
  1 100 bytes of readwrite data memory

Errors: none
Warnings: none
